<?xml version="1.0" encoding="UTF-8"?>
<testsuites>
  <testsuite name="BashSumTest" tests="1" failures="1">
